// Vitest Snapshot v1, https://vitest.dev/guide/snapshot.html

exports[`registry build determinism (REG-004) > snapshot: registry/index.json matches expected structure 1`] = `
{
  "$schema": "https://solidiom.dev/schemas/registry-index/v3.json",
  "adapters": [
    {
      "capability": "carousel-physics@1",
      "name": "carousel-embla",
      "package": "@solidiom/adapter-carousel-embla",
      "version": "0.0.1-next.0",
    },
    {
      "capability": "date-math@1",
      "name": "date-internationalized",
      "package": "@solidiom/adapter-date-internationalized",
      "version": "0.0.1-next.0",
    },
    {
      "capability": "positioning@1",
      "name": "positioning-floating-ui",
      "package": "@solidiom/adapter-positioning-floating-ui",
      "version": "0.0.1-next.0",
    },
    {
      "capability": "positioning@1",
      "name": "positioning-minimal",
      "package": "@solidiom/adapter-positioning-minimal",
      "version": "0.0.1-next.0",
    },
    {
      "capability": "table@1",
      "name": "table-tanstack",
      "package": "@solidiom/adapter-table-tanstack",
      "version": "0.0.1-next.0",
    },
    {
      "capability": "virtualization@1",
      "name": "virtualization-tanstack",
      "package": "@solidiom/adapter-virtualization-tanstack",
      "version": "0.0.1-next.0",
    },
  ],
  "blocks": [],
  "components": [
    {
      "deliverables": [
        "component",
      ],
      "description": "Styled accordion component — the recipe wrapper for the css, tailwind, unocss profile(s) using the accordion primitive.",
      "documentationLocales": {
        "en": {
          "status": "missing",
        },
      },
      "documentationStatus": "stub",
      "label": "Accordion",
      "name": "accordion",
      "package": "@solidiom/recipes-css",
      "primitiveDependency": "@solidiom/accordion",
      "searchKeywords": [
        "accordion",
        "component",
        "css",
        "tailwind",
        "unocss",
      ],
      "status": "preview",
      "stylingOutputs": [
        "css",
        "tailwind",
        "unocss",
      ],
      "version": "0.0.1-next.0",
    },
    {
      "deliverables": [
        "component",
      ],
      "description": "Styled alert component — the recipe wrapper for the css, tailwind, unocss profile(s) using the alert primitive.",
      "documentationLocales": {
        "en": {
          "status": "missing",
        },
      },
      "documentationStatus": "stub",
      "label": "Alert",
      "name": "alert",
      "package": "@solidiom/recipes-css",
      "primitiveDependency": "@solidiom/alert",
      "searchKeywords": [
        "alert",
        "component",
        "css",
        "tailwind",
        "unocss",
      ],
      "status": "preview",
      "stylingOutputs": [
        "css",
        "tailwind",
        "unocss",
      ],
      "version": "0.0.1-next.0",
    },
    {
      "deliverables": [
        "component",
      ],
      "description": "Styled badge component — the recipe wrapper for the css, tailwind, unocss profile(s) using the badge primitive.",
      "documentationLocales": {
        "en": {
          "status": "missing",
        },
      },
      "documentationStatus": "stub",
      "label": "Badge",
      "name": "badge",
      "package": "@solidiom/recipes-css",
      "primitiveDependency": "@solidiom/badge",
      "searchKeywords": [
        "badge",
        "component",
        "css",
        "tailwind",
        "unocss",
      ],
      "status": "preview",
      "stylingOutputs": [
        "css",
        "tailwind",
        "unocss",
      ],
      "version": "0.0.1-next.0",
    },
    {
      "deliverables": [
        "component",
      ],
      "description": "Styled button component — the recipe wrapper for the css, tailwind, unocss profile(s) using the button primitive.",
      "documentationLocales": {
        "en": {
          "status": "missing",
        },
      },
      "documentationStatus": "stub",
      "label": "Button",
      "name": "button",
      "package": "@solidiom/recipes-css",
      "primitiveDependency": "@solidiom/button",
      "searchKeywords": [
        "button",
        "component",
        "css",
        "tailwind",
        "unocss",
      ],
      "status": "preview",
      "stylingOutputs": [
        "css",
        "tailwind",
        "unocss",
      ],
      "version": "0.0.1-next.0",
    },
    {
      "deliverables": [
        "component",
      ],
      "description": "Styled checkbox component — the recipe wrapper for the css, tailwind, unocss profile(s) using the checkbox primitive.",
      "documentationLocales": {
        "en": {
          "status": "missing",
        },
      },
      "documentationStatus": "stub",
      "label": "Checkbox",
      "name": "checkbox",
      "package": "@solidiom/recipes-css",
      "primitiveDependency": "@solidiom/checkbox",
      "searchKeywords": [
        "checkbox",
        "component",
        "css",
        "tailwind",
        "unocss",
      ],
      "status": "preview",
      "stylingOutputs": [
        "css",
        "tailwind",
        "unocss",
      ],
      "version": "0.0.1-next.0",
    },
    {
      "deliverables": [
        "component",
      ],
      "description": "Styled dialog component — the recipe wrapper for the css, tailwind, unocss profile(s) using the dialog primitive.",
      "documentationLocales": {
        "en": {
          "status": "missing",
        },
      },
      "documentationStatus": "stub",
      "label": "Dialog",
      "name": "dialog",
      "package": "@solidiom/recipes-css",
      "primitiveDependency": "@solidiom/dialog",
      "searchKeywords": [
        "component",
        "css",
        "dialog",
        "tailwind",
        "unocss",
      ],
      "status": "preview",
      "stylingOutputs": [
        "css",
        "tailwind",
        "unocss",
      ],
      "version": "0.0.1-next.0",
    },
    {
      "deliverables": [
        "component",
      ],
      "description": "Styled menu component — the recipe wrapper for the css, tailwind, unocss profile(s) using the menu primitive.",
      "documentationLocales": {
        "en": {
          "status": "missing",
        },
      },
      "documentationStatus": "stub",
      "label": "Menu",
      "name": "menu",
      "package": "@solidiom/recipes-css",
      "primitiveDependency": "@solidiom/menu",
      "searchKeywords": [
        "component",
        "css",
        "menu",
        "tailwind",
        "unocss",
      ],
      "status": "preview",
      "stylingOutputs": [
        "css",
        "tailwind",
        "unocss",
      ],
      "version": "0.0.1-next.0",
    },
    {
      "deliverables": [
        "component",
      ],
      "description": "Styled popover component — the recipe wrapper for the css, tailwind, unocss profile(s) using the popover primitive.",
      "documentationLocales": {
        "en": {
          "status": "missing",
        },
      },
      "documentationStatus": "stub",
      "label": "Popover",
      "name": "popover",
      "package": "@solidiom/recipes-css",
      "primitiveDependency": "@solidiom/popover",
      "searchKeywords": [
        "component",
        "css",
        "popover",
        "tailwind",
        "unocss",
      ],
      "status": "preview",
      "stylingOutputs": [
        "css",
        "tailwind",
        "unocss",
      ],
      "version": "0.0.1-next.0",
    },
    {
      "deliverables": [
        "component",
      ],
      "description": "Styled select component — the recipe wrapper for the css, tailwind, unocss profile(s) using the select primitive.",
      "documentationLocales": {
        "en": {
          "status": "missing",
        },
      },
      "documentationStatus": "stub",
      "label": "Select",
      "name": "select",
      "package": "@solidiom/recipes-css",
      "primitiveDependency": "@solidiom/select",
      "searchKeywords": [
        "component",
        "css",
        "select",
        "tailwind",
        "unocss",
      ],
      "status": "preview",
      "stylingOutputs": [
        "css",
        "tailwind",
        "unocss",
      ],
      "version": "0.0.1-next.0",
    },
    {
      "deliverables": [
        "component",
      ],
      "description": "Styled switch component — the recipe wrapper for the css, tailwind, unocss profile(s) using the switch primitive.",
      "documentationLocales": {
        "en": {
          "status": "missing",
        },
      },
      "documentationStatus": "stub",
      "label": "Switch",
      "name": "switch",
      "package": "@solidiom/recipes-css",
      "primitiveDependency": "@solidiom/switch",
      "searchKeywords": [
        "component",
        "css",
        "switch",
        "tailwind",
        "unocss",
      ],
      "status": "preview",
      "stylingOutputs": [
        "css",
        "tailwind",
        "unocss",
      ],
      "version": "0.0.1-next.0",
    },
    {
      "deliverables": [
        "component",
      ],
      "description": "Styled tabs component — the recipe wrapper for the css, tailwind, unocss profile(s) using the tabs primitive.",
      "documentationLocales": {
        "en": {
          "status": "missing",
        },
      },
      "documentationStatus": "stub",
      "label": "Tabs",
      "name": "tabs",
      "package": "@solidiom/recipes-css",
      "primitiveDependency": "@solidiom/tabs",
      "searchKeywords": [
        "component",
        "css",
        "tabs",
        "tailwind",
        "unocss",
      ],
      "status": "preview",
      "stylingOutputs": [
        "css",
        "tailwind",
        "unocss",
      ],
      "version": "0.0.1-next.0",
    },
    {
      "deliverables": [
        "component",
      ],
      "description": "Styled toast component — the recipe wrapper for the css, tailwind, unocss profile(s) using the toast primitive.",
      "documentationLocales": {
        "en": {
          "status": "missing",
        },
      },
      "documentationStatus": "stub",
      "label": "Toast",
      "name": "toast",
      "package": "@solidiom/recipes-css",
      "primitiveDependency": "@solidiom/toast",
      "searchKeywords": [
        "component",
        "css",
        "tailwind",
        "toast",
        "unocss",
      ],
      "status": "preview",
      "stylingOutputs": [
        "css",
        "tailwind",
        "unocss",
      ],
      "version": "0.0.1-next.0",
    },
    {
      "deliverables": [
        "component",
      ],
      "description": "Styled tooltip component — the recipe wrapper for the css, tailwind, unocss profile(s) using the tooltip primitive.",
      "documentationLocales": {
        "en": {
          "status": "missing",
        },
      },
      "documentationStatus": "stub",
      "label": "Tooltip",
      "name": "tooltip",
      "package": "@solidiom/recipes-css",
      "primitiveDependency": "@solidiom/tooltip",
      "searchKeywords": [
        "component",
        "css",
        "tailwind",
        "tooltip",
        "unocss",
      ],
      "status": "preview",
      "stylingOutputs": [
        "css",
        "tailwind",
        "unocss",
      ],
      "version": "0.0.1-next.0",
    },
  ],
  "integrity": {
    "algorithm": "sha256",
    "entriesHash": "503067c6b2bb9e7e81286953d8080d2648a1a59e184ccc61c3bbf075df414897",
  },
  "primitives": [
    {
      "accessibility": {
        "evidenceIds": [
          "axe-accordion-scan-v1",
        ],
        "reviewStatus": "automated",
      },
      "category": "layout",
      "deliverables": [
        "primitive",
      ],
      "description": "Vertically stacked set of collapsible sections.",
      "documentationLocales": {
        "en": {
          "status": "draft",
        },
        "es": {
          "status": "draft",
        },
      },
      "documentationStatus": "complete",
      "hasAccessibilityEvidence": true,
      "label": "Accordion",
      "name": "accordion",
      "package": "@solidiom/accordion",
      "provenance": {
        "directory": "packages/accordion",
        "repository": "https://github.com/solidiom/solidiom",
      },
      "searchKeywords": [
        "accordion",
        "acordeón",
        "colapsable",
        "colapsar",
        "collapse",
        "collapsible",
        "expand",
        "expandir",
        "layout",
        "runtime",
        "secciones",
        "sections",
        "set",
        "stacked",
        "vertically",
      ],
      "status": "preview",
      "stylingOutputs": [
        "css",
        "tailwind",
        "unocss",
      ],
      "themeCompatible": [],
      "version": "0.0.1-next.0",
    },
    {
      "accessibility": {
        "evidenceIds": [
          "axe-alert-scan-v1",
        ],
        "reviewStatus": "automated",
      },
      "category": "feedback",
      "deliverables": [
        "primitive",
      ],
      "description": "Inline, non-modal alert for status messages with live region semantics.",
      "documentationLocales": {
        "en": {
          "status": "draft",
        },
        "es": {
          "status": "draft",
        },
      },
      "documentationStatus": "complete",
      "hasAccessibilityEvidence": true,
      "label": "Alert",
      "name": "alert",
      "package": "@solidiom/alert",
      "provenance": {
        "directory": "packages/alert",
        "repository": "https://github.com/solidiom/solidiom",
      },
      "searchKeywords": [
        "accessibility",
        "alert",
        "error",
        "feedback",
        "for",
        "info",
        "inline",
        "live",
        "live-region",
        "messages",
        "modal",
        "non",
        "notification",
        "region",
        "runtime",
        "semantics",
        "status",
        "success",
        "warning",
        "with",
      ],
      "status": "preview",
      "stylingOutputs": [
        "css",
        "tailwind",
        "unocss",
      ],
      "themeCompatible": [],
      "version": "0.0.1-next.0",
    },
    {
      "accessibility": {
        "evidenceIds": [
          "axe-alert-dialog-scan-v1",
        ],
        "reviewStatus": "automated",
      },
      "category": "overlay",
      "deliverables": [
        "primitive",
      ],
      "description": "Modal confirmation dialog requiring explicit user action.",
      "documentationLocales": {
        "en": {
          "status": "draft",
        },
        "es": {
          "status": "draft",
        },
      },
      "documentationStatus": "complete",
      "hasAccessibilityEvidence": true,
      "label": "Alert Dialog",
      "name": "alert-dialog",
      "package": "@solidiom/alert-dialog",
      "provenance": {
        "directory": "packages/alert-dialog",
        "repository": "https://github.com/solidiom/solidiom",
      },
      "searchKeywords": [
        "action",
        "alert",
        "confirmation",
        "dialog",
        "explicit",
        "modal",
        "overlay",
        "requiring",
        "runtime",
        "user",
      ],
      "status": "preview",
      "stylingOutputs": [],
      "themeCompatible": [],
      "version": "0.0.1-next.0",
    },
    {
      "accessibility": {
        "evidenceIds": [
          "axe-avatar-scan-v1",
        ],
        "reviewStatus": "automated",
      },
      "category": "display",
      "deliverables": [
        "primitive",
      ],
      "description": "User avatar with image and fallback.",
      "documentationLocales": {
        "en": {
          "status": "draft",
        },
        "es": {
          "status": "draft",
        },
      },
      "documentationStatus": "complete",
      "hasAccessibilityEvidence": true,
      "label": "Avatar",
      "name": "avatar",
      "package": "@solidiom/avatar",
      "provenance": {
        "directory": "packages/avatar",
        "repository": "https://github.com/solidiom/solidiom",
      },
      "searchKeywords": [
        "and",
        "avatar",
        "display",
        "fallback",
        "image",
        "imagen",
        "iniciales",
        "initials",
        "reemplazo",
        "runtime",
        "user",
        "usuario",
        "with",
      ],
      "status": "preview",
      "stylingOutputs": [],
      "themeCompatible": [],
      "version": "0.0.1-next.0",
    },
    {
      "accessibility": {
        "evidenceIds": [
          "axe-badge-scan-v1",
        ],
        "reviewStatus": "automated",
      },
      "category": "feedback",
      "deliverables": [
        "primitive",
      ],
      "description": "Inline status or label indicator.",
      "documentationLocales": {
        "en": {
          "status": "draft",
        },
        "es": {
          "status": "draft",
        },
      },
      "documentationStatus": "complete",
      "hasAccessibilityEvidence": true,
      "label": "Badge",
      "name": "badge",
      "package": "@solidiom/badge",
      "provenance": {
        "directory": "packages/badge",
        "repository": "https://github.com/solidiom/solidiom",
      },
      "searchKeywords": [
        "badge",
        "estado",
        "etiqueta",
        "feedback",
        "indicador",
        "indicator",
        "inline",
        "label",
        "runtime",
        "status",
      ],
      "status": "preview",
      "stylingOutputs": [
        "css",
        "tailwind",
        "unocss",
      ],
      "themeCompatible": [],
      "version": "0.0.1-next.0",
    },
    {
      "accessibility": {
        "evidenceIds": [
          "axe-breadcrumb-scan-v1",
        ],
        "reviewStatus": "automated",
      },
      "category": "navigation",
      "deliverables": [
        "primitive",
      ],
      "description": "Hierarchical location indicator with links.",
      "documentationLocales": {
        "en": {
          "status": "draft",
        },
        "es": {
          "status": "draft",
        },
      },
      "documentationStatus": "complete",
      "hasAccessibilityEvidence": true,
      "label": "Breadcrumb",
      "name": "breadcrumb",
      "package": "@solidiom/breadcrumb",
      "provenance": {
        "directory": "packages/breadcrumb",
        "repository": "https://github.com/solidiom/solidiom",
      },
      "searchKeywords": [
        "breadcrumb",
        "breadcrumb-list",
        "enlaces",
        "hierarchical",
        "hierarchy",
        "indicator",
        "jerarquía",
        "links",
        "location",
        "navegación",
        "navigation",
        "runtime",
        "ruta-de-migas",
        "with",
      ],
      "status": "preview",
      "stylingOutputs": [],
      "themeCompatible": [],
      "version": "0.0.1-next.0",
    },
    {
      "accessibility": {
        "evidenceIds": [
          "axe-button-scan-v1",
        ],
        "reviewStatus": "automated",
      },
      "category": "input",
      "deliverables": [
        "component",
        "primitive",
      ],
      "description": "Clickable trigger for actions.",
      "documentationLocales": {
        "en": {
          "status": "draft",
        },
        "es": {
          "status": "draft",
        },
      },
      "documentationStatus": "complete",
      "hasAccessibilityEvidence": true,
      "label": "Button",
      "name": "button",
      "package": "@solidiom/button",
      "provenance": {
        "directory": "packages/button",
        "repository": "https://github.com/solidiom/solidiom",
      },
      "searchKeywords": [
        "acción",
        "action",
        "actions",
        "alternar",
        "button",
        "carga",
        "clickable",
        "clickeable",
        "deshabilitado",
        "disabled",
        "enviar",
        "for",
        "input",
        "loading",
        "runtime",
        "submit",
        "toggle",
        "trigger",
      ],
      "status": "preview",
      "stylingOutputs": [
        "css",
        "tailwind",
        "unocss",
      ],
      "themeCompatible": [],
      "version": "0.0.1-next.0",
    },
    {
      "accessibility": {
        "evidenceIds": [
          "axe-calendar-scan-v1",
        ],
        "reviewStatus": "automated",
      },
      "category": "input",
      "deliverables": [
        "primitive",
      ],
      "description": "Date selection with day/month/year views.",
      "documentationLocales": {
        "en": {
          "status": "draft",
        },
        "es": {
          "status": "draft",
        },
      },
      "documentationStatus": "complete",
      "hasAccessibilityEvidence": true,
      "label": "Calendar",
      "name": "calendar",
      "package": "@solidiom/calendar",
      "provenance": {
        "directory": "packages/calendar",
        "repository": "https://github.com/solidiom/solidiom",
      },
      "searchKeywords": [
        "calendar",
        "date",
        "date-math",
        "day",
        "input",
        "month",
        "runtime",
        "selection",
        "views",
        "with",
        "year",
      ],
      "status": "preview",
      "stylingOutputs": [],
      "themeCompatible": [],
      "version": "0.0.1-next.0",
    },
    {
      "accessibility": {
        "evidenceIds": [
          "axe-card-scan-v1",
        ],
        "reviewStatus": "automated",
      },
      "category": "layout",
      "deliverables": [
        "primitive",
      ],
      "description": "Content container with header, body, and footer.",
      "documentationLocales": {
        "en": {
          "status": "draft",
        },
        "es": {
          "status": "draft",
        },
      },
      "documentationStatus": "complete",
      "hasAccessibilityEvidence": true,
      "label": "Card",
      "name": "card",
      "package": "@solidiom/card",
      "provenance": {
        "directory": "packages/card",
        "repository": "https://github.com/solidiom/solidiom",
      },
      "searchKeywords": [
        "and",
        "body",
        "card",
        "container",
        "contenedor",
        "contenido",
        "content",
        "descripcion",
        "description",
        "encabezado",
        "footer",
        "header",
        "layout",
        "pie",
        "runtime",
        "title",
        "titulo",
        "with",
      ],
      "status": "preview",
      "stylingOutputs": [],
      "themeCompatible": [],
      "version": "0.0.1-next.0",
    },
    {
      "accessibility": {
        "evidenceIds": [
          "axe-carousel-scan-v1",
        ],
        "reviewStatus": "automated",
      },
      "category": "layout",
      "deliverables": [
        "primitive",
      ],
      "description": "Horizontal slide-based content viewer.",
      "documentationLocales": {
        "en": {
          "status": "draft",
        },
        "es": {
          "status": "draft",
        },
      },
      "documentationStatus": "complete",
      "hasAccessibilityEvidence": true,
      "label": "Carousel",
      "name": "carousel",
      "package": "@solidiom/carousel",
      "provenance": {
        "directory": "packages/carousel",
        "repository": "https://github.com/solidiom/solidiom",
      },
      "searchKeywords": [
        "based",
        "carousel",
        "carousel-physics",
        "content",
        "horizontal",
        "layout",
        "runtime",
        "slide",
        "viewer",
      ],
      "status": "preview",
      "stylingOutputs": [],
      "themeCompatible": [],
      "version": "0.0.1-next.0",
    },
    {
      "accessibility": {
        "evidenceIds": [
          "axe-checkbox-scan-v1",
        ],
        "reviewStatus": "automated",
      },
      "category": "input",
      "deliverables": [
        "primitive",
      ],
      "description": "Binary or indeterminate toggle control.",
      "documentationLocales": {
        "en": {
          "status": "draft",
        },
        "es": {
          "status": "draft",
        },
      },
      "documentationStatus": "complete",
      "hasAccessibilityEvidence": true,
      "label": "Checkbox",
      "name": "checkbox",
      "package": "@solidiom/checkbox",
      "provenance": {
        "directory": "packages/checkbox",
        "repository": "https://github.com/solidiom/solidiom",
      },
      "searchKeywords": [
        "binary",
        "checkbox",
        "control",
        "indeterminate",
        "input",
        "runtime",
        "toggle",
      ],
      "status": "preview",
      "stylingOutputs": [
        "css",
        "tailwind",
        "unocss",
      ],
      "themeCompatible": [],
      "version": "0.0.1-next.0",
    },
    {
      "accessibility": {
        "evidenceIds": [
          "axe-collapsible-scan-v1",
        ],
        "reviewStatus": "automated",
      },
      "category": "layout",
      "deliverables": [
        "primitive",
      ],
      "description": "Single expandable/collapsible section.",
      "documentationLocales": {
        "en": {
          "status": "draft",
        },
        "es": {
          "status": "draft",
        },
      },
      "documentationStatus": "complete",
      "hasAccessibilityEvidence": true,
      "label": "Collapsible",
      "name": "collapsible",
      "package": "@solidiom/collapsible",
      "provenance": {
        "directory": "packages/collapsible",
        "repository": "https://github.com/solidiom/solidiom",
      },
      "searchKeywords": [
        "collapsible",
        "expandable",
        "layout",
        "runtime",
        "section",
        "single",
      ],
      "status": "preview",
      "stylingOutputs": [],
      "themeCompatible": [],
      "version": "0.0.1-next.0",
    },
    {
      "accessibility": {
        "evidenceIds": [
          "axe-combobox-scan-v1",
        ],
        "reviewStatus": "automated",
      },
      "category": "input",
      "deliverables": [
        "primitive",
      ],
      "description": "Text input with autocomplete dropdown.",
      "documentationLocales": {
        "en": {
          "status": "draft",
        },
        "es": {
          "status": "draft",
        },
      },
      "documentationStatus": "complete",
      "hasAccessibilityEvidence": true,
      "label": "Combobox",
      "name": "combobox",
      "package": "@solidiom/combobox",
      "provenance": {
        "directory": "packages/combobox",
        "repository": "https://github.com/solidiom/solidiom",
      },
      "searchKeywords": [
        "autocompletado",
        "autocomplete",
        "combobox",
        "desplegable",
        "dropdown",
        "input",
        "listbox",
        "runtime",
        "text",
        "with",
      ],
      "status": "preview",
      "stylingOutputs": [],
      "themeCompatible": [],
      "version": "0.0.1-next.0",
    },
    {
      "accessibility": {
        "evidenceIds": [
          "axe-command-palette-scan-v1",
        ],
        "reviewStatus": "automated",
      },
      "category": "navigation",
      "deliverables": [
        "primitive",
      ],
      "description": "Modal search and action launcher.",
      "documentationLocales": {
        "en": {
          "status": "draft",
        },
        "es": {
          "status": "draft",
        },
      },
      "documentationStatus": "complete",
      "hasAccessibilityEvidence": true,
      "label": "Command Palette",
      "name": "command-palette",
      "package": "@solidiom/command-palette",
      "provenance": {
        "directory": "packages/command-palette",
        "repository": "https://github.com/solidiom/solidiom",
      },
      "searchKeywords": [
        "action",
        "and",
        "command",
        "launcher",
        "modal",
        "navigation",
        "palette",
        "runtime",
        "search",
      ],
      "status": "preview",
      "stylingOutputs": [],
      "themeCompatible": [],
      "version": "0.0.1-next.0",
    },
    {
      "accessibility": {
        "evidenceIds": [
          "axe-context-menu-scan-v1",
        ],
        "reviewStatus": "automated",
      },
      "category": "overlay",
      "deliverables": [
        "primitive",
      ],
      "description": "Right-click triggered menu.",
      "documentationLocales": {
        "en": {
          "status": "draft",
        },
        "es": {
          "status": "draft",
        },
      },
      "documentationStatus": "complete",
      "hasAccessibilityEvidence": true,
      "label": "Context Menu",
      "name": "context-menu",
      "package": "@solidiom/context-menu",
      "provenance": {
        "directory": "packages/context-menu",
        "repository": "https://github.com/solidiom/solidiom",
      },
      "searchKeywords": [
        "click",
        "context",
        "menu",
        "overlay",
        "right",
        "runtime",
        "triggered",
      ],
      "status": "preview",
      "stylingOutputs": [],
      "themeCompatible": [],
      "version": "0.0.1-next.0",
    },
    {
      "accessibility": {
        "evidenceIds": [
          "axe-data-table-scan-v1",
        ],
        "reviewStatus": "automated",
      },
      "category": "layout",
      "deliverables": [
        "primitive",
      ],
      "description": "Sortable, selectable table with column control.",
      "documentationLocales": {
        "en": {
          "status": "draft",
        },
        "es": {
          "status": "draft",
        },
      },
      "documentationStatus": "complete",
      "hasAccessibilityEvidence": true,
      "label": "Data Table",
      "name": "data-table",
      "package": "@solidiom/data-table",
      "provenance": {
        "directory": "packages/data-table",
        "repository": "https://github.com/solidiom/solidiom",
      },
      "searchKeywords": [
        "column",
        "columnas",
        "columns",
        "control",
        "data",
        "datos",
        "filas",
        "layout",
        "ordenar",
        "rows",
        "runtime",
        "selección",
        "selectable",
        "selection",
        "sort",
        "sortable",
        "tabla",
        "table",
        "with",
      ],
      "status": "preview",
      "stylingOutputs": [],
      "themeCompatible": [],
      "version": "0.0.1-next.0",
    },
    {
      "accessibility": {
        "evidenceIds": [
          "axe-date-picker-scan-v1",
        ],
        "reviewStatus": "automated",
      },
      "category": "input",
      "deliverables": [
        "primitive",
      ],
      "description": "Calendar popup for selecting dates.",
      "documentationLocales": {
        "en": {
          "status": "draft",
        },
        "es": {
          "status": "draft",
        },
      },
      "documentationStatus": "complete",
      "hasAccessibilityEvidence": true,
      "label": "Date Picker",
      "name": "date-picker",
      "package": "@solidiom/date-picker",
      "provenance": {
        "directory": "packages/date-picker",
        "repository": "https://github.com/solidiom/solidiom",
      },
      "searchKeywords": [
        "calendar",
        "date",
        "date-math",
        "dates",
        "for",
        "input",
        "picker",
        "popup",
        "runtime",
        "selecting",
      ],
      "status": "preview",
      "stylingOutputs": [],
      "themeCompatible": [],
      "version": "0.0.1-next.0",
    },
    {
      "accessibility": {
        "evidenceIds": [
          "axe-dialog-scan-v1",
        ],
        "reviewStatus": "automated",
      },
      "category": "overlay",
      "deliverables": [
        "primitive",
      ],
      "description": "Modal or non-modal overlay window.",
      "documentationLocales": {
        "en": {
          "status": "draft",
        },
        "es": {
          "status": "draft",
        },
      },
      "documentationStatus": "complete",
      "hasAccessibilityEvidence": true,
      "label": "Dialog",
      "name": "dialog",
      "package": "@solidiom/dialog",
      "provenance": {
        "directory": "packages/dialog",
        "repository": "https://github.com/solidiom/solidiom",
      },
      "searchKeywords": [
        "dialog",
        "foco",
        "focus",
        "modal",
        "non",
        "overlay",
        "runtime",
        "superposición",
        "window",
      ],
      "status": "preview",
      "stylingOutputs": [
        "css",
        "tailwind",
        "unocss",
      ],
      "themeCompatible": [
        "site",
      ],
      "version": "0.0.1-next.0",
    },
    {
      "accessibility": {
        "evidenceIds": [
          "axe-drawer-scan-v1",
        ],
        "reviewStatus": "automated",
      },
      "category": "overlay",
      "deliverables": [
        "primitive",
      ],
      "description": "Slide-in panel from any screen edge.",
      "documentationLocales": {
        "en": {
          "status": "draft",
        },
        "es": {
          "status": "draft",
        },
      },
      "documentationStatus": "complete",
      "hasAccessibilityEvidence": true,
      "label": "Drawer",
      "name": "drawer",
      "package": "@solidiom/drawer",
      "provenance": {
        "directory": "packages/drawer",
        "repository": "https://github.com/solidiom/solidiom",
      },
      "searchKeywords": [
        "any",
        "drawer",
        "edge",
        "from",
        "overlay",
        "panel",
        "runtime",
        "screen",
        "slide",
      ],
      "status": "preview",
      "stylingOutputs": [],
      "themeCompatible": [],
      "version": "0.0.1-next.0",
    },
    {
      "accessibility": {
        "evidenceIds": [
          "axe-empty-state-scan-v1",
        ],
        "reviewStatus": "automated",
      },
      "category": "feedback",
      "deliverables": [
        "primitive",
      ],
      "description": "Placeholder for empty content areas.",
      "documentationLocales": {
        "en": {
          "status": "draft",
        },
        "es": {
          "status": "draft",
        },
      },
      "documentationStatus": "complete",
      "hasAccessibilityEvidence": true,
      "label": "Empty State",
      "name": "empty-state",
      "package": "@solidiom/empty-state",
      "provenance": {
        "directory": "packages/empty-state",
        "repository": "https://github.com/solidiom/solidiom",
      },
      "searchKeywords": [
        "areas",
        "content",
        "empty",
        "feedback",
        "for",
        "placeholder",
        "runtime",
        "state",
      ],
      "status": "preview",
      "stylingOutputs": [],
      "themeCompatible": [],
      "version": "0.0.1-next.0",
    },
    {
      "accessibility": {
        "evidenceIds": [
          "axe-field-scan-v1",
        ],
        "reviewStatus": "automated",
      },
      "category": "input",
      "deliverables": [
        "primitive",
      ],
      "description": "Composition wrapper: label + control + description + error with automatic ARIA wiring.",
      "documentationLocales": {
        "en": {
          "status": "draft",
        },
        "es": {
          "status": "draft",
        },
      },
      "documentationStatus": "complete",
      "hasAccessibilityEvidence": true,
      "label": "Field",
      "name": "field",
      "package": "@solidiom/field",
      "provenance": {
        "directory": "packages/field",
        "repository": "https://github.com/solidiom/solidiom",
      },
      "searchKeywords": [
        "aria",
        "automatic",
        "composition",
        "control",
        "description",
        "error",
        "field",
        "input",
        "label",
        "runtime",
        "wiring",
        "with",
        "wrapper:",
      ],
      "status": "preview",
      "stylingOutputs": [],
      "themeCompatible": [],
      "version": "0.0.1-next.0",
    },
    {
      "accessibility": {
        "evidenceIds": [
          "axe-hover-card-scan-v1",
        ],
        "reviewStatus": "automated",
      },
      "category": "overlay",
      "deliverables": [
        "primitive",
      ],
      "description": "Content preview on hover with open delay and anchored positioning.",
      "documentationLocales": {
        "en": {
          "status": "draft",
        },
        "es": {
          "status": "draft",
        },
      },
      "documentationStatus": "complete",
      "hasAccessibilityEvidence": true,
      "label": "Hover Card",
      "name": "hover-card",
      "package": "@solidiom/hover-card",
      "provenance": {
        "directory": "packages/hover-card",
        "repository": "https://github.com/solidiom/solidiom",
      },
      "searchKeywords": [
        "anchored",
        "and",
        "card",
        "content",
        "delay",
        "hover",
        "open",
        "overlay",
        "positioning",
        "preview",
        "runtime",
        "with",
      ],
      "status": "preview",
      "stylingOutputs": [],
      "themeCompatible": [],
      "version": "0.0.1-next.0",
    },
    {
      "accessibility": {
        "evidenceIds": [
          "axe-input-scan-v1",
        ],
        "reviewStatus": "automated",
      },
      "category": "input",
      "deliverables": [
        "primitive",
      ],
      "description": "Text input and textarea with validation states and Field integration.",
      "documentationLocales": {
        "en": {
          "status": "draft",
        },
        "es": {
          "status": "draft",
        },
      },
      "documentationStatus": "complete",
      "hasAccessibilityEvidence": true,
      "label": "Input",
      "name": "input",
      "package": "@solidiom/input",
      "provenance": {
        "directory": "packages/input",
        "repository": "https://github.com/solidiom/solidiom",
      },
      "searchKeywords": [
        "and",
        "field",
        "input",
        "integration",
        "runtime",
        "states",
        "text",
        "textarea",
        "validation",
        "with",
      ],
      "status": "preview",
      "stylingOutputs": [],
      "themeCompatible": [],
      "version": "0.0.1-next.0",
    },
    {
      "accessibility": {
        "evidenceIds": [
          "axe-input-otp-scan-v1",
        ],
        "reviewStatus": "automated",
      },
      "category": "input",
      "deliverables": [
        "primitive",
      ],
      "description": "A one-time password input with individual character slots.",
      "documentationLocales": {
        "en": {
          "status": "draft",
        },
        "es": {
          "status": "draft",
        },
      },
      "documentationStatus": "complete",
      "hasAccessibilityEvidence": true,
      "label": "Input OTP",
      "name": "input-otp",
      "package": "@solidiom/input-otp",
      "provenance": {
        "directory": "packages/input-otp",
        "repository": "https://github.com/solidiom/solidiom",
      },
      "searchKeywords": [
        "character",
        "individual",
        "input",
        "one",
        "otp",
        "password",
        "runtime",
        "slots",
        "time",
        "with",
      ],
      "status": "preview",
      "stylingOutputs": [],
      "themeCompatible": [],
      "version": "0.0.1-next.0",
    },
    {
      "accessibility": {
        "evidenceIds": [
          "axe-kbd-scan-v1",
        ],
        "reviewStatus": "automated",
      },
      "category": "display",
      "deliverables": [
        "primitive",
      ],
      "description": "Keyboard shortcut display element.",
      "documentationLocales": {
        "en": {
          "status": "draft",
        },
        "es": {
          "status": "draft",
        },
      },
      "documentationStatus": "complete",
      "hasAccessibilityEvidence": true,
      "label": "Kbd",
      "name": "kbd",
      "package": "@solidiom/kbd",
      "provenance": {
        "directory": "packages/kbd",
        "repository": "https://github.com/solidiom/solidiom",
      },
      "searchKeywords": [
        "atajo",
        "display",
        "element",
        "kbd",
        "key",
        "keyboard",
        "runtime",
        "shortcut",
        "tecla",
        "teclado",
        "visualización",
      ],
      "status": "preview",
      "stylingOutputs": [],
      "themeCompatible": [],
      "version": "0.0.1-next.0",
    },
    {
      "accessibility": {
        "evidenceIds": [
          "axe-label-scan-v1",
        ],
        "reviewStatus": "automated",
      },
      "category": "input",
      "deliverables": [
        "primitive",
      ],
      "description": "Accessible label element linked to form controls via htmlFor.",
      "documentationLocales": {
        "en": {
          "status": "draft",
        },
        "es": {
          "status": "draft",
        },
      },
      "documentationStatus": "complete",
      "hasAccessibilityEvidence": true,
      "label": "Label",
      "name": "label",
      "package": "@solidiom/label",
      "provenance": {
        "directory": "packages/label",
        "repository": "https://github.com/solidiom/solidiom",
      },
      "searchKeywords": [
        "accesible",
        "accessible",
        "controls",
        "element",
        "form",
        "formulario",
        "htmlfor",
        "input",
        "label",
        "linked",
        "runtime",
        "via",
      ],
      "status": "preview",
      "stylingOutputs": [],
      "themeCompatible": [],
      "version": "0.0.1-next.0",
    },
    {
      "accessibility": {
        "evidenceIds": [
          "axe-listbox-scan-v1",
        ],
        "reviewStatus": "automated",
      },
      "category": "input",
      "deliverables": [
        "primitive",
      ],
      "description": "Single or multi-select list of options.",
      "documentationLocales": {
        "en": {
          "status": "draft",
        },
        "es": {
          "status": "draft",
        },
      },
      "documentationStatus": "complete",
      "hasAccessibilityEvidence": true,
      "label": "Listbox",
      "name": "listbox",
      "package": "@solidiom/listbox",
      "provenance": {
        "directory": "packages/listbox",
        "repository": "https://github.com/solidiom/solidiom",
      },
      "searchKeywords": [
        "input",
        "list",
        "listbox",
        "multi",
        "options",
        "runtime",
        "select",
        "single",
      ],
      "status": "preview",
      "stylingOutputs": [],
      "themeCompatible": [],
      "version": "0.0.1-next.0",
    },
    {
      "accessibility": {
        "evidenceIds": [
          "axe-menu-scan-v1",
        ],
        "reviewStatus": "automated",
      },
      "category": "navigation",
      "deliverables": [
        "primitive",
      ],
      "description": "Action list triggered by a button.",
      "documentationLocales": {
        "en": {
          "status": "draft",
        },
        "es": {
          "status": "draft",
        },
      },
      "documentationStatus": "complete",
      "hasAccessibilityEvidence": true,
      "label": "Menu",
      "name": "menu",
      "package": "@solidiom/menu",
      "provenance": {
        "directory": "packages/menu",
        "repository": "https://github.com/solidiom/solidiom",
      },
      "searchKeywords": [
        "action",
        "button",
        "list",
        "menu",
        "navigation",
        "runtime",
        "triggered",
      ],
      "status": "preview",
      "stylingOutputs": [
        "css",
        "tailwind",
        "unocss",
      ],
      "themeCompatible": [],
      "version": "0.0.1-next.0",
    },
    {
      "accessibility": {
        "evidenceIds": [
          "axe-meter-scan-v1",
        ],
        "reviewStatus": "automated",
      },
      "category": "feedback",
      "deliverables": [
        "primitive",
      ],
      "description": "Scalar measurement within a known range (e.g. disk usage, signal strength).",
      "documentationLocales": {
        "en": {
          "status": "draft",
        },
        "es": {
          "status": "draft",
        },
      },
      "documentationStatus": "complete",
      "hasAccessibilityEvidence": true,
      "label": "Meter",
      "name": "meter",
      "package": "@solidiom/meter",
      "provenance": {
        "directory": "packages/meter",
        "repository": "https://github.com/solidiom/solidiom",
      },
      "searchKeywords": [
        "disk",
        "feedback",
        "known",
        "measurement",
        "meter",
        "range",
        "runtime",
        "scalar",
        "signal",
        "strength)",
        "usage",
        "within",
      ],
      "status": "preview",
      "stylingOutputs": [],
      "themeCompatible": [],
      "version": "0.0.1-next.0",
    },
    {
      "accessibility": {
        "evidenceIds": [
          "axe-navigation-menu-scan-v1",
        ],
        "reviewStatus": "automated",
      },
      "category": "navigation",
      "deliverables": [
        "primitive",
      ],
      "description": "A top-level navigation component with accessible dropdown sub-menus.",
      "documentationLocales": {
        "en": {
          "status": "draft",
        },
        "es": {
          "status": "draft",
        },
      },
      "documentationStatus": "complete",
      "hasAccessibilityEvidence": true,
      "label": "Navigation Menu",
      "name": "navigation-menu",
      "package": "@solidiom/navigation-menu",
      "provenance": {
        "directory": "packages/navigation-menu",
        "repository": "https://github.com/solidiom/solidiom",
      },
      "searchKeywords": [
        "accessible",
        "component",
        "dropdown",
        "level",
        "menu",
        "menus",
        "navigation",
        "positioning",
        "runtime",
        "sub",
        "top",
        "with",
      ],
      "status": "preview",
      "stylingOutputs": [],
      "themeCompatible": [],
      "version": "0.0.1-next.0",
    },
    {
      "accessibility": {
        "evidenceIds": [
          "axe-pagination-scan-v1",
        ],
        "reviewStatus": "automated",
      },
      "category": "navigation",
      "deliverables": [
        "primitive",
      ],
      "description": "Page navigation with prev/next and page numbers.",
      "documentationLocales": {
        "en": {
          "status": "draft",
        },
        "es": {
          "status": "draft",
        },
      },
      "documentationStatus": "complete",
      "hasAccessibilityEvidence": true,
      "label": "Pagination",
      "name": "pagination",
      "package": "@solidiom/pagination",
      "provenance": {
        "directory": "packages/pagination",
        "repository": "https://github.com/solidiom/solidiom",
      },
      "searchKeywords": [
        "and",
        "navigation",
        "next",
        "numbers",
        "page",
        "pagination",
        "prev",
        "runtime",
        "with",
      ],
      "status": "preview",
      "stylingOutputs": [],
      "themeCompatible": [],
      "version": "0.0.1-next.0",
    },
    {
      "accessibility": {
        "evidenceIds": [
          "axe-popover-scan-v1",
        ],
        "reviewStatus": "automated",
      },
      "category": "overlay",
      "deliverables": [
        "primitive",
      ],
      "description": "Non-modal floating content panel.",
      "documentationLocales": {
        "en": {
          "status": "draft",
        },
        "es": {
          "status": "draft",
        },
      },
      "documentationStatus": "complete",
      "hasAccessibilityEvidence": true,
      "label": "Popover",
      "name": "popover",
      "package": "@solidiom/popover",
      "provenance": {
        "directory": "packages/popover",
        "repository": "https://github.com/solidiom/solidiom",
      },
      "searchKeywords": [
        "content",
        "floating",
        "modal",
        "non",
        "overlay",
        "panel",
        "popover",
        "positioning",
        "runtime",
      ],
      "status": "preview",
      "stylingOutputs": [
        "css",
        "tailwind",
        "unocss",
      ],
      "themeCompatible": [],
      "version": "0.0.1-next.0",
    },
    {
      "accessibility": {
        "evidenceIds": [
          "axe-progress-scan-v1",
        ],
        "reviewStatus": "automated",
      },
      "category": "feedback",
      "deliverables": [
        "primitive",
      ],
      "description": "Determinate and indeterminate progress indicator.",
      "documentationLocales": {
        "en": {
          "status": "draft",
        },
        "es": {
          "status": "draft",
        },
      },
      "documentationStatus": "complete",
      "hasAccessibilityEvidence": true,
      "label": "Progress",
      "name": "progress",
      "package": "@solidiom/progress",
      "provenance": {
        "directory": "packages/progress",
        "repository": "https://github.com/solidiom/solidiom",
      },
      "searchKeywords": [
        "and",
        "determinate",
        "feedback",
        "indeterminate",
        "indicator",
        "progress",
        "runtime",
      ],
      "status": "preview",
      "stylingOutputs": [],
      "themeCompatible": [],
      "version": "0.0.1-next.0",
    },
    {
      "accessibility": {
        "evidenceIds": [
          "axe-radio-group-scan-v1",
        ],
        "reviewStatus": "automated",
      },
      "category": "input",
      "deliverables": [
        "primitive",
      ],
      "description": "Single-select radio button set with keyboard navigation.",
      "documentationLocales": {
        "en": {
          "status": "draft",
        },
        "es": {
          "status": "draft",
        },
      },
      "documentationStatus": "complete",
      "hasAccessibilityEvidence": true,
      "label": "Radio Group",
      "name": "radio-group",
      "package": "@solidiom/radio-group",
      "provenance": {
        "directory": "packages/radio-group",
        "repository": "https://github.com/solidiom/solidiom",
      },
      "searchKeywords": [
        "button",
        "group",
        "input",
        "keyboard",
        "navigation",
        "radio",
        "runtime",
        "select",
        "set",
        "single",
        "with",
      ],
      "status": "preview",
      "stylingOutputs": [],
      "themeCompatible": [],
      "version": "0.0.1-next.0",
    },
    {
      "accessibility": {
        "evidenceIds": [
          "axe-resizable-panels-scan-v1",
        ],
        "reviewStatus": "automated",
      },
      "category": "layout",
      "deliverables": [
        "primitive",
      ],
      "description": "Drag-to-resize panel layout.",
      "documentationLocales": {
        "en": {
          "status": "draft",
        },
        "es": {
          "status": "draft",
        },
      },
      "documentationStatus": "complete",
      "hasAccessibilityEvidence": true,
      "label": "Resizable Panels",
      "name": "resizable-panels",
      "package": "@solidiom/resizable-panels",
      "provenance": {
        "directory": "packages/resizable-panels",
        "repository": "https://github.com/solidiom/solidiom",
      },
      "searchKeywords": [
        "drag",
        "layout",
        "panel",
        "panels",
        "resizable",
        "resize",
        "runtime",
      ],
      "status": "preview",
      "stylingOutputs": [],
      "themeCompatible": [],
      "version": "0.0.1-next.0",
    },
    {
      "accessibility": {
        "evidenceIds": [
          "axe-scroll-area-scan-v1",
        ],
        "reviewStatus": "automated",
      },
      "category": "layout",
      "deliverables": [
        "primitive",
      ],
      "description": "Custom-styled scrollbar with native scrolling performance.",
      "documentationLocales": {
        "en": {
          "status": "draft",
        },
        "es": {
          "status": "draft",
        },
      },
      "documentationStatus": "complete",
      "hasAccessibilityEvidence": true,
      "label": "Scroll Area",
      "name": "scroll-area",
      "package": "@solidiom/scroll-area",
      "provenance": {
        "directory": "packages/scroll-area",
        "repository": "https://github.com/solidiom/solidiom",
      },
      "searchKeywords": [
        "area",
        "custom",
        "layout",
        "native",
        "performance",
        "runtime",
        "scroll",
        "scrollbar",
        "scrolling",
        "styled",
        "with",
      ],
      "status": "preview",
      "stylingOutputs": [],
      "themeCompatible": [],
      "version": "0.0.1-next.0",
    },
    {
      "accessibility": {
        "evidenceIds": [
          "axe-select-scan-v1",
        ],
        "reviewStatus": "automated",
      },
      "category": "input",
      "deliverables": [
        "primitive",
      ],
      "description": "Dropdown selection from a list of options.",
      "documentationLocales": {
        "en": {
          "status": "draft",
        },
        "es": {
          "status": "draft",
        },
      },
      "documentationStatus": "complete",
      "hasAccessibilityEvidence": true,
      "label": "Select",
      "name": "select",
      "package": "@solidiom/select",
      "provenance": {
        "directory": "packages/select",
        "repository": "https://github.com/solidiom/solidiom",
      },
      "searchKeywords": [
        "dropdown",
        "from",
        "input",
        "list",
        "options",
        "runtime",
        "select",
        "selection",
      ],
      "status": "preview",
      "stylingOutputs": [
        "css",
        "tailwind",
        "unocss",
      ],
      "themeCompatible": [],
      "version": "0.0.1-next.0",
    },
    {
      "accessibility": {
        "evidenceIds": [
          "axe-separator-scan-v1",
        ],
        "reviewStatus": "automated",
      },
      "category": "layout",
      "deliverables": [
        "primitive",
      ],
      "description": "Horizontal or vertical visual divider.",
      "documentationLocales": {
        "en": {
          "status": "draft",
        },
        "es": {
          "status": "draft",
        },
      },
      "documentationStatus": "complete",
      "hasAccessibilityEvidence": true,
      "label": "Separator",
      "name": "separator",
      "package": "@solidiom/separator",
      "provenance": {
        "directory": "packages/separator",
        "repository": "https://github.com/solidiom/solidiom",
      },
      "searchKeywords": [
        "decorative",
        "decorativo",
        "divider",
        "divisor",
        "horizontal",
        "layout",
        "runtime",
        "separator",
        "vertical",
        "visual",
      ],
      "status": "preview",
      "stylingOutputs": [],
      "themeCompatible": [],
      "version": "0.0.1-next.0",
    },
    {
      "accessibility": {
        "evidenceIds": [
          "axe-sheet-scan-v1",
        ],
        "reviewStatus": "automated",
      },
      "category": "overlay",
      "deliverables": [
        "primitive",
      ],
      "description": "Side-panel dialog with slide animation.",
      "documentationLocales": {
        "en": {
          "status": "draft",
        },
        "es": {
          "status": "draft",
        },
      },
      "documentationStatus": "complete",
      "hasAccessibilityEvidence": true,
      "label": "Sheet",
      "name": "sheet",
      "package": "@solidiom/sheet",
      "provenance": {
        "directory": "packages/sheet",
        "repository": "https://github.com/solidiom/solidiom",
      },
      "searchKeywords": [
        "animation",
        "dialog",
        "overlay",
        "panel",
        "runtime",
        "sheet",
        "side",
        "slide",
        "with",
      ],
      "status": "preview",
      "stylingOutputs": [],
      "themeCompatible": [],
      "version": "0.0.1-next.0",
    },
    {
      "accessibility": {
        "evidenceIds": [
          "axe-skeleton-scan-v1",
        ],
        "reviewStatus": "automated",
      },
      "category": "feedback",
      "deliverables": [
        "primitive",
      ],
      "description": "Loading placeholder with pulse animation.",
      "documentationLocales": {
        "en": {
          "status": "draft",
        },
        "es": {
          "status": "draft",
        },
      },
      "documentationStatus": "complete",
      "hasAccessibilityEvidence": true,
      "label": "Skeleton",
      "name": "skeleton",
      "package": "@solidiom/skeleton",
      "provenance": {
        "directory": "packages/skeleton",
        "repository": "https://github.com/solidiom/solidiom",
      },
      "searchKeywords": [
        "animation",
        "feedback",
        "loading",
        "placeholder",
        "pulse",
        "runtime",
        "skeleton",
        "with",
      ],
      "status": "preview",
      "stylingOutputs": [],
      "themeCompatible": [],
      "version": "0.0.1-next.0",
    },
    {
      "accessibility": {
        "evidenceIds": [
          "axe-slider-scan-v1",
        ],
        "reviewStatus": "automated",
      },
      "category": "input",
      "deliverables": [
        "primitive",
      ],
      "description": "Numeric range input with thumb control.",
      "documentationLocales": {
        "en": {
          "status": "draft",
        },
        "es": {
          "status": "draft",
        },
      },
      "documentationStatus": "complete",
      "hasAccessibilityEvidence": true,
      "label": "Slider",
      "name": "slider",
      "package": "@solidiom/slider",
      "provenance": {
        "directory": "packages/slider",
        "repository": "https://github.com/solidiom/solidiom",
      },
      "searchKeywords": [
        "control",
        "input",
        "numeric",
        "range",
        "runtime",
        "slider",
        "thumb",
        "with",
      ],
      "status": "preview",
      "stylingOutputs": [],
      "themeCompatible": [],
      "version": "0.0.1-next.0",
    },
    {
      "accessibility": {
        "evidenceIds": [
          "axe-spinner-scan-v1",
        ],
        "reviewStatus": "automated",
      },
      "category": "feedback",
      "deliverables": [
        "primitive",
      ],
      "description": "Loading spinner indicator.",
      "documentationLocales": {
        "en": {
          "status": "draft",
        },
        "es": {
          "status": "draft",
        },
      },
      "documentationStatus": "complete",
      "hasAccessibilityEvidence": true,
      "label": "Spinner",
      "name": "spinner",
      "package": "@solidiom/spinner",
      "provenance": {
        "directory": "packages/spinner",
        "repository": "https://github.com/solidiom/solidiom",
      },
      "searchKeywords": [
        "feedback",
        "indicator",
        "loading",
        "runtime",
        "spinner",
      ],
      "status": "preview",
      "stylingOutputs": [],
      "themeCompatible": [],
      "version": "0.0.1-next.0",
    },
    {
      "accessibility": {
        "evidenceIds": [
          "axe-switch-scan-v1",
        ],
        "reviewStatus": "automated",
      },
      "category": "input",
      "deliverables": [
        "primitive",
      ],
      "description": "Binary toggle with on/off semantics.",
      "documentationLocales": {
        "en": {
          "status": "draft",
        },
        "es": {
          "status": "draft",
        },
      },
      "documentationStatus": "complete",
      "hasAccessibilityEvidence": true,
      "label": "Switch",
      "name": "switch",
      "package": "@solidiom/switch",
      "provenance": {
        "directory": "packages/switch",
        "repository": "https://github.com/solidiom/solidiom",
      },
      "searchKeywords": [
        "binary",
        "input",
        "off",
        "runtime",
        "semantics",
        "switch",
        "toggle",
        "with",
      ],
      "status": "preview",
      "stylingOutputs": [
        "css",
        "tailwind",
        "unocss",
      ],
      "themeCompatible": [],
      "version": "0.0.1-next.0",
    },
    {
      "accessibility": {
        "evidenceIds": [
          "axe-tabs-scan-v1",
        ],
        "reviewStatus": "automated",
      },
      "category": "navigation",
      "deliverables": [
        "primitive",
      ],
      "description": "Tabbed content switcher.",
      "documentationLocales": {
        "en": {
          "status": "draft",
        },
        "es": {
          "status": "draft",
        },
      },
      "documentationStatus": "complete",
      "hasAccessibilityEvidence": true,
      "label": "Tabs",
      "name": "tabs",
      "package": "@solidiom/tabs",
      "provenance": {
        "directory": "packages/tabs",
        "repository": "https://github.com/solidiom/solidiom",
      },
      "searchKeywords": [
        "content",
        "navigation",
        "runtime",
        "switcher",
        "tabbed",
        "tabs",
      ],
      "status": "preview",
      "stylingOutputs": [
        "css",
        "tailwind",
        "unocss",
      ],
      "themeCompatible": [],
      "version": "0.0.1-next.0",
    },
    {
      "accessibility": {
        "evidenceIds": [
          "axe-toast-scan-v1",
        ],
        "reviewStatus": "automated",
      },
      "category": "feedback",
      "deliverables": [
        "primitive",
      ],
      "description": "Temporary non-blocking notification.",
      "documentationLocales": {
        "en": {
          "status": "draft",
        },
        "es": {
          "status": "draft",
        },
      },
      "documentationStatus": "complete",
      "hasAccessibilityEvidence": true,
      "label": "Toast",
      "name": "toast",
      "package": "@solidiom/toast",
      "provenance": {
        "directory": "packages/toast",
        "repository": "https://github.com/solidiom/solidiom",
      },
      "searchKeywords": [
        "blocking",
        "feedback",
        "non",
        "notification",
        "runtime",
        "temporary",
        "toast",
      ],
      "status": "preview",
      "stylingOutputs": [
        "css",
        "tailwind",
        "unocss",
      ],
      "themeCompatible": [],
      "version": "0.0.1-next.0",
    },
    {
      "accessibility": {
        "evidenceIds": [
          "axe-toggle-scan-v1",
        ],
        "reviewStatus": "automated",
      },
      "category": "input",
      "deliverables": [
        "primitive",
      ],
      "description": "A two-state button that can be toggled on or off.",
      "documentationLocales": {
        "en": {
          "status": "draft",
        },
        "es": {
          "status": "draft",
        },
      },
      "documentationStatus": "complete",
      "hasAccessibilityEvidence": true,
      "label": "Toggle",
      "name": "toggle",
      "package": "@solidiom/toggle",
      "provenance": {
        "directory": "packages/toggle",
        "repository": "https://github.com/solidiom/solidiom",
      },
      "searchKeywords": [
        "button",
        "can",
        "input",
        "off",
        "runtime",
        "state",
        "that",
        "toggle",
        "toggled",
        "two",
      ],
      "status": "preview",
      "stylingOutputs": [],
      "themeCompatible": [],
      "version": "0.0.1-next.0",
    },
    {
      "accessibility": {
        "evidenceIds": [
          "axe-toggle-group-scan-v1",
        ],
        "reviewStatus": "automated",
      },
      "category": "input",
      "deliverables": [
        "primitive",
      ],
      "description": "Group of mutually-exclusive or multi-select toggle buttons.",
      "documentationLocales": {
        "en": {
          "status": "draft",
        },
        "es": {
          "status": "draft",
        },
      },
      "documentationStatus": "complete",
      "hasAccessibilityEvidence": true,
      "label": "Toggle Group",
      "name": "toggle-group",
      "package": "@solidiom/toggle-group",
      "provenance": {
        "directory": "packages/toggle-group",
        "repository": "https://github.com/solidiom/solidiom",
      },
      "searchKeywords": [
        "buttons",
        "exclusive",
        "group",
        "input",
        "multi",
        "mutually",
        "runtime",
        "select",
        "toggle",
      ],
      "status": "preview",
      "stylingOutputs": [],
      "themeCompatible": [],
      "version": "0.0.1-next.0",
    },
    {
      "accessibility": {
        "evidenceIds": [
          "axe-toolbar-scan-v1",
        ],
        "reviewStatus": "automated",
      },
      "category": "layout",
      "deliverables": [
        "primitive",
      ],
      "description": "Grouped actions and controls in a horizontal bar.",
      "documentationLocales": {
        "en": {
          "status": "draft",
        },
        "es": {
          "status": "draft",
        },
      },
      "documentationStatus": "complete",
      "hasAccessibilityEvidence": true,
      "label": "Toolbar",
      "name": "toolbar",
      "package": "@solidiom/toolbar",
      "provenance": {
        "directory": "packages/toolbar",
        "repository": "https://github.com/solidiom/solidiom",
      },
      "searchKeywords": [
        "actions",
        "and",
        "bar",
        "controls",
        "grouped",
        "horizontal",
        "layout",
        "runtime",
        "toolbar",
      ],
      "status": "preview",
      "stylingOutputs": [],
      "themeCompatible": [],
      "version": "0.0.1-next.0",
    },
    {
      "accessibility": {
        "evidenceIds": [
          "axe-tooltip-scan-v1",
        ],
        "reviewStatus": "automated",
      },
      "category": "overlay",
      "deliverables": [
        "primitive",
      ],
      "description": "Contextual hint shown on hover/focus.",
      "documentationLocales": {
        "en": {
          "status": "draft",
        },
        "es": {
          "status": "draft",
        },
      },
      "documentationStatus": "complete",
      "hasAccessibilityEvidence": true,
      "label": "Tooltip",
      "name": "tooltip",
      "package": "@solidiom/tooltip",
      "provenance": {
        "directory": "packages/tooltip",
        "repository": "https://github.com/solidiom/solidiom",
      },
      "searchKeywords": [
        "contextual",
        "focus",
        "hint",
        "hover",
        "overlay",
        "positioning",
        "runtime",
        "shown",
        "tooltip",
      ],
      "status": "preview",
      "stylingOutputs": [
        "css",
        "tailwind",
        "unocss",
      ],
      "themeCompatible": [],
      "version": "0.0.1-next.0",
    },
    {
      "accessibility": {
        "evidenceIds": [
          "axe-tree-scan-v1",
        ],
        "reviewStatus": "automated",
      },
      "category": "navigation",
      "deliverables": [
        "primitive",
      ],
      "description": "Hierarchical tree view with expand/collapse.",
      "documentationLocales": {
        "en": {
          "status": "draft",
        },
        "es": {
          "status": "draft",
        },
      },
      "documentationStatus": "complete",
      "hasAccessibilityEvidence": true,
      "label": "Tree",
      "name": "tree",
      "package": "@solidiom/tree",
      "provenance": {
        "directory": "packages/tree",
        "repository": "https://github.com/solidiom/solidiom",
      },
      "searchKeywords": [
        "collapse",
        "expand",
        "hierarchical",
        "navigation",
        "runtime",
        "tree",
        "view",
        "with",
      ],
      "status": "preview",
      "stylingOutputs": [],
      "themeCompatible": [],
      "version": "0.0.1-next.0",
    },
    {
      "accessibility": {
        "evidenceIds": [
          "axe-virtual-list-scan-v1",
        ],
        "reviewStatus": "automated",
      },
      "category": "layout",
      "deliverables": [
        "primitive",
      ],
      "description": "Viewport-windowed list for large datasets.",
      "documentationLocales": {
        "en": {
          "status": "draft",
        },
        "es": {
          "status": "draft",
        },
      },
      "documentationStatus": "complete",
      "hasAccessibilityEvidence": true,
      "label": "Virtual List",
      "name": "virtual-list",
      "package": "@solidiom/virtual-list",
      "provenance": {
        "directory": "packages/virtual-list",
        "repository": "https://github.com/solidiom/solidiom",
      },
      "searchKeywords": [
        "datasets",
        "for",
        "large",
        "layout",
        "list",
        "runtime",
        "viewport",
        "virtual",
        "virtualization",
        "windowed",
      ],
      "status": "preview",
      "stylingOutputs": [],
      "themeCompatible": [],
      "version": "0.0.1-next.0",
    },
    {
      "accessibility": {
        "evidenceIds": [
          "axe-visually-hidden-scan-v1",
        ],
        "reviewStatus": "automated",
      },
      "category": "layout",
      "deliverables": [
        "primitive",
      ],
      "description": "Hides content visually while keeping it accessible to screen readers.",
      "documentationLocales": {
        "en": {
          "status": "draft",
        },
        "es": {
          "status": "draft",
        },
      },
      "documentationStatus": "complete",
      "hasAccessibilityEvidence": true,
      "label": "Visually Hidden",
      "name": "visually-hidden",
      "package": "@solidiom/visually-hidden",
      "provenance": {
        "directory": "packages/visually-hidden",
        "repository": "https://github.com/solidiom/solidiom",
      },
      "searchKeywords": [
        "accessibility",
        "accessible",
        "assistive-technology",
        "content",
        "heading",
        "hidden",
        "hides",
        "keeping",
        "label",
        "layout",
        "readers",
        "runtime",
        "screen",
        "screen-reader",
        "visually",
        "visually-hidden",
        "while",
      ],
      "status": "preview",
      "stylingOutputs": [],
      "themeCompatible": [],
      "version": "0.0.1-next.0",
    },
  ],
  "templates": [],
  "themes": [],
  "version": 3,
}
`;
